// Vitest Snapshot v1, https://vitest.dev/guide/snapshot.html

exports[`Itron > Legacy result of a real smoke detector 1`] = `
{
  "dataRecord": [
    {
      "description": "Time point",
      "devUnit": 0,
      "functionField": 0,
      "functionFieldText": "Instantaneous value",
      "number": 1,
      "storageNo": 0,
      "tariff": 0,
      "type": "VIF_TIME_POINT_DATE_TIME",
      "unit": "",
      "value": "2026-02-08 14:32:18",
    },
    {
      "description": "Unknown manufacturer specific VIF 0x7f",
      "devUnit": 0,
      "functionField": 0,
      "functionFieldText": "Instantaneous value",
      "number": 2,
      "storageNo": 0,
      "tariff": 0,
      "type": "VIF_TYPE_MANUFACTURER_UNKOWN",
      "unit": "",
      "value": "871233579158372480",
    },
    {
      "description": "Data encrypted",
      "devUnit": 0,
      "functionField": 0,
      "functionFieldText": "Instantaneous value",
      "number": 3,
      "storageNo": 0,
      "tariff": 0,
      "type": "VIF_DATA_ENCRYPTED",
      "unit": "",
      "value": 1,
    },
    {
      "description": "Modem code corrupt",
      "devUnit": 0,
      "functionField": 0,
      "functionFieldText": "Instantaneous value",
      "number": 4,
      "storageNo": 0,
      "tariff": 0,
      "type": "VIF_MODEM_CODE_CORRUPT",
      "unit": "",
      "value": 0,
    },
    {
      "description": "Modem memory corrupt",
      "devUnit": 0,
      "functionField": 0,
      "functionFieldText": "Instantaneous value",
      "number": 5,
      "storageNo": 0,
      "tariff": 0,
      "type": "VIF_MODEM_MEMORY_CORRUPT",
      "unit": "",
      "value": 0,
    },
    {
      "description": "Modem hardware reset",
      "devUnit": 0,
      "functionField": 0,
      "functionFieldText": "Instantaneous value",
      "number": 6,
      "storageNo": 0,
      "tariff": 0,
      "type": "VIF_MODEM_HARDWARE_RESET",
      "unit": "",
      "value": 0,
    },
    {
      "description": "Modem watchdog reset",
      "devUnit": 0,
      "functionField": 0,
      "functionFieldText": "Instantaneous value",
      "number": 7,
      "storageNo": 0,
      "tariff": 0,
      "type": "VIF_MODEM_WATCHDOG_RESET",
      "unit": "",
      "value": 0,
    },
    {
      "description": "Modem low battery",
      "devUnit": 0,
      "functionField": 0,
      "functionFieldText": "Instantaneous value",
      "number": 8,
      "storageNo": 0,
      "tariff": 0,
      "type": "VIF_MODEM_LOW_BATTERY",
      "unit": "",
      "value": 0,
    },
    {
      "description": "Modem removal",
      "devUnit": 0,
      "functionField": 0,
      "functionFieldText": "Instantaneous value",
      "number": 9,
      "storageNo": 0,
      "tariff": 0,
      "type": "VIF_MODEM_REMOVAL",
      "unit": "",
      "value": 1,
    },
    {
      "description": "General alarm",
      "devUnit": 0,
      "functionField": 0,
      "functionFieldText": "Instantaneous value",
      "number": 10,
      "storageNo": 0,
      "tariff": 0,
      "type": "VIF_GENERAL_ALARM",
      "unit": "",
      "value": 0,
    },
    {
      "description": "Detector hardware reset",
      "devUnit": 0,
      "functionField": 0,
      "functionFieldText": "Instantaneous value",
      "number": 11,
      "storageNo": 0,
      "tariff": 0,
      "type": "VIF_DETECTOR_HARDWARE_RESET",
      "unit": "",
      "value": 0,
    },
    {
      "description": "Detector watchdog reset",
      "devUnit": 0,
      "functionField": 0,
      "functionFieldText": "Instantaneous value",
      "number": 12,
      "storageNo": 0,
      "tariff": 0,
      "type": "VIF_DETECTOR_WATCHDOG_RESET",
      "unit": "",
      "value": 0,
    },
    {
      "description": "Beeper defect",
      "devUnit": 0,
      "functionField": 0,
      "functionFieldText": "Instantaneous value",
      "number": 13,
      "storageNo": 0,
      "tariff": 0,
      "type": "VIF_BEEPER_DEFECT",
      "unit": "",
      "value": 0,
    },
    {
      "description": "Warning: out of temperature range",
      "devUnit": 0,
      "functionField": 0,
      "functionFieldText": "Instantaneous value",
      "number": 14,
      "storageNo": 0,
      "tariff": 0,
      "type": "VIF_WARNING_OUT_OF_TEMPERATURE_RANGE",
      "unit": "",
      "value": 0,
    },
    {
      "description": "Warning: intrusion",
      "devUnit": 0,
      "functionField": 0,
      "functionFieldText": "Instantaneous value",
      "number": 15,
      "storageNo": 0,
      "tariff": 0,
      "type": "VIF_WARNING_INTRUSION",
      "unit": "",
      "value": 1,
    },
    {
      "description": "Warning: inlet blocking",
      "devUnit": 0,
      "functionField": 0,
      "functionFieldText": "Instantaneous value",
      "number": 16,
      "storageNo": 0,
      "tariff": 0,
      "type": "VIF_WARNING_INLET_BLOCKING",
      "unit": "",
      "value": 0,
    },
    {
      "description": "Warning: smoke alarm",
      "devUnit": 0,
      "functionField": 0,
      "functionFieldText": "Instantaneous value",
      "number": 17,
      "storageNo": 0,
      "tariff": 0,
      "type": "VIF_WARNING_SMOKE_ALARM",
      "unit": "",
      "value": 0,
    },
    {
      "description": "Warning: low battery",
      "devUnit": 0,
      "functionField": 0,
      "functionFieldText": "Instantaneous value",
      "number": 18,
      "storageNo": 0,
      "tariff": 0,
      "type": "VIF_WARNING_LOW_BATTERY",
      "unit": "",
      "value": 0,
    },
    {
      "description": "Warning: no test in last period",
      "devUnit": 0,
      "functionField": 0,
      "functionFieldText": "Instantaneous value",
      "number": 19,
      "storageNo": 0,
      "tariff": 0,
      "type": "VIF_WARNING_NO_TEST_IN_LAST_PERIOD",
      "unit": "",
      "value": 1,
    },
    {
      "description": "Remaining battery lifetime",
      "devUnit": 0,
      "functionField": 0,
      "functionFieldText": "Instantaneous value",
      "number": 20,
      "storageNo": 0,
      "tariff": 0,
      "type": "VIF_BATTERY_REMAINING",
      "unit": "month",
      "value": 83,
    },
    {
      "description": "Product code",
      "devUnit": 0,
      "functionField": 0,
      "functionFieldText": "Instantaneous value",
      "number": 21,
      "storageNo": 0,
      "tariff": 0,
      "type": "VIF_PRODUCT_CODE",
      "unit": "",
      "value": 62,
    },
    {
      "description": "Removal occurred",
      "devUnit": 0,
      "functionField": 0,
      "functionFieldText": "Instantaneous value",
      "number": 22,
      "storageNo": 0,
      "tariff": 0,
      "type": "VIF_REMOVAL_OCCURRED",
      "unit": "",
      "value": 1,
    },
    {
      "description": "Product installed",
      "devUnit": 0,
      "functionField": 0,
      "functionFieldText": "Instantaneous value",
      "number": 23,
      "storageNo": 0,
      "tariff": 0,
      "type": "VIF_PRODUCT_INSTALLED",
      "unit": "",
      "value": 1,
    },
    {
      "description": "Intrusion occurred",
      "devUnit": 0,
      "functionField": 0,
      "functionFieldText": "Instantaneous value",
      "number": 24,
      "storageNo": 0,
      "tariff": 0,
      "type": "VIF_INTRUSION_OCCURRED",
      "unit": "",
      "value": 1,
    },
    {
      "description": "Inlet blocking occurred",
      "devUnit": 0,
      "functionField": 0,
      "functionFieldText": "Instantaneous value",
      "number": 25,
      "storageNo": 0,
      "tariff": 0,
      "type": "VIF_INLET_BLOCKING_OCCURRED",
      "unit": "",
      "value": 0,
    },
    {
      "description": "Out of temperature range occurred",
      "devUnit": 0,
      "functionField": 0,
      "functionFieldText": "Instantaneous value",
      "number": 26,
      "storageNo": 0,
      "tariff": 0,
      "type": "VIF_OUT_OF_TEMPERATURE_RANGE_OCCURRED",
      "unit": "",
      "value": 0,
    },
    {
      "description": "Network mode",
      "devUnit": 0,
      "functionField": 0,
      "functionFieldText": "Instantaneous value",
      "number": 27,
      "storageNo": 0,
      "tariff": 0,
      "type": "VIF_NETWORK_MODE",
      "unit": "",
      "value": "Walk-by",
    },
    {
      "description": "Fixed date billing",
      "devUnit": 0,
      "functionField": 0,
      "functionFieldText": "Instantaneous value",
      "number": 28,
      "storageNo": 0,
      "tariff": 0,
      "type": "VIF_FIXED_DATE_BILLING",
      "unit": "",
      "value": 12,
    },
  ],
  "deviceInformation": {
    "AccessNumber": 33,
    "Address": "972678563412001a",
    "Id": "12345678",
    "Manufacturer": "ITW",
    "Medium": "Smokedetector",
    "Status": 19,
    "StatusString": "",
    "Version": 0,
  },
}
`;
