// Vitest Snapshot v1, https://vitest.dev/guide/snapshot.html

exports[`Itron > Legacy result of a real smoke detector 1`] = `
{
  "dataRecord": [
    {
      "description": "Time point",
      "devUnit": 0,
      "functionField": 0,
      "functionFieldText": "Instantaneous value",
      "number": 1,
      "storageNo": 0,
      "tariff": 0,
      "type": "VIF_TIME_POINT_DATE_TIME",
      "unit": "",
      "value": "2026-02-08 14:32:18",
    },
    {
      "description": "Unknown manufacturer specific VIF 0x7f",
      "devUnit": 0,
      "functionField": 0,
      "functionFieldText": "Instantaneous value",
      "number": 2,
      "storageNo": 0,
      "tariff": 0,
      "type": "VIF_TYPE_MANUFACTURER_UNKOWN",
      "unit": "",
      "value": "871233579158372480",
    },
    {
      "description": "Transmitted data encrypted",
      "devUnit": 0,
      "functionField": 0,
      "functionFieldText": "Instantaneous value",
      "number": 3,
      "storageNo": 0,
      "tariff": 0,
      "type": "VIF_MANUFACTURER_SPECIFIC",
      "unit": "",
      "value": 1,
    },
    {
      "description": "Code corrupt",
      "devUnit": 0,
      "functionField": 0,
      "functionFieldText": "Instantaneous value",
      "number": 4,
      "storageNo": 0,
      "tariff": 0,
      "type": "VIF_MANUFACTURER_SPECIFIC",
      "unit": "",
      "value": 0,
    },
    {
      "description": "Memory corrupt",
      "devUnit": 0,
      "functionField": 0,
      "functionFieldText": "Instantaneous value",
      "number": 5,
      "storageNo": 0,
      "tariff": 0,
      "type": "VIF_MANUFACTURER_SPECIFIC",
      "unit": "",
      "value": 0,
    },
    {
      "description": "Hardware reset",
      "devUnit": 0,
      "functionField": 0,
      "functionFieldText": "Instantaneous value",
      "number": 6,
      "storageNo": 0,
      "tariff": 0,
      "type": "VIF_MANUFACTURER_SPECIFIC",
      "unit": "",
      "value": 0,
    },
    {
      "description": "Watchdog reset",
      "devUnit": 0,
      "functionField": 0,
      "functionFieldText": "Instantaneous value",
      "number": 7,
      "storageNo": 0,
      "tariff": 0,
      "type": "VIF_MANUFACTURER_SPECIFIC",
      "unit": "",
      "value": 0,
    },
    {
      "description": "Low battery",
      "devUnit": 0,
      "functionField": 0,
      "functionFieldText": "Instantaneous value",
      "number": 8,
      "storageNo": 0,
      "tariff": 0,
      "type": "VIF_MANUFACTURER_SPECIFIC",
      "unit": "",
      "value": 0,
    },
    {
      "description": "Removal",
      "devUnit": 0,
      "functionField": 0,
      "functionFieldText": "Instantaneous value",
      "number": 9,
      "storageNo": 0,
      "tariff": 0,
      "type": "VIF_MANUFACTURER_SPECIFIC",
      "unit": "",
      "value": 1,
    },
    {
      "description": "General alarm",
      "devUnit": 0,
      "functionField": 0,
      "functionFieldText": "Instantaneous value",
      "number": 10,
      "storageNo": 0,
      "tariff": 0,
      "type": "VIF_MANUFACTURER_SPECIFIC",
      "unit": "",
      "value": 0,
    },
    {
      "description": "Hardware reset of the smoke detector",
      "devUnit": 0,
      "functionField": 0,
      "functionFieldText": "Instantaneous value",
      "number": 11,
      "storageNo": 0,
      "tariff": 0,
      "type": "VIF_MANUFACTURER_SPECIFIC",
      "unit": "",
      "value": 0,
    },
    {
      "description": "Watchdog reset of the smoke detector",
      "devUnit": 0,
      "functionField": 0,
      "functionFieldText": "Instantaneous value",
      "number": 12,
      "storageNo": 0,
      "tariff": 0,
      "type": "VIF_MANUFACTURER_SPECIFIC",
      "unit": "",
      "value": 0,
    },
    {
      "description": "Beeper defect",
      "devUnit": 0,
      "functionField": 0,
      "functionFieldText": "Instantaneous value",
      "number": 13,
      "storageNo": 0,
      "tariff": 0,
      "type": "VIF_MANUFACTURER_SPECIFIC",
      "unit": "",
      "value": 0,
    },
    {
      "description": "Warning: out of temperature range",
      "devUnit": 0,
      "functionField": 0,
      "functionFieldText": "Instantaneous value",
      "number": 14,
      "storageNo": 0,
      "tariff": 0,
      "type": "VIF_MANUFACTURER_SPECIFIC",
      "unit": "",
      "value": 0,
    },
    {
      "description": "Warning: perimeter intrusion",
      "devUnit": 0,
      "functionField": 0,
      "functionFieldText": "Instantaneous value",
      "number": 15,
      "storageNo": 0,
      "tariff": 0,
      "type": "VIF_MANUFACTURER_SPECIFIC",
      "unit": "",
      "value": 1,
    },
    {
      "description": "Warning: smoke inlet blocking",
      "devUnit": 0,
      "functionField": 0,
      "functionFieldText": "Instantaneous value",
      "number": 16,
      "storageNo": 0,
      "tariff": 0,
      "type": "VIF_MANUFACTURER_SPECIFIC",
      "unit": "",
      "value": 0,
    },
    {
      "description": "Warning: smoke alarm",
      "devUnit": 0,
      "functionField": 0,
      "functionFieldText": "Instantaneous value",
      "number": 17,
      "storageNo": 0,
      "tariff": 0,
      "type": "VIF_MANUFACTURER_SPECIFIC",
      "unit": "",
      "value": 0,
    },
    {
      "description": "Warning: low battery measurement",
      "devUnit": 0,
      "functionField": 0,
      "functionFieldText": "Instantaneous value",
      "number": 18,
      "storageNo": 0,
      "tariff": 0,
      "type": "VIF_MANUFACTURER_SPECIFIC",
      "unit": "",
      "value": 0,
    },
    {
      "description": "Warning: no test done during the last period",
      "devUnit": 0,
      "functionField": 0,
      "functionFieldText": "Instantaneous value",
      "number": 19,
      "storageNo": 0,
      "tariff": 0,
      "type": "VIF_MANUFACTURER_SPECIFIC",
      "unit": "",
      "value": 1,
    },
    {
      "description": "Remaining battery lifetime",
      "devUnit": 0,
      "functionField": 0,
      "functionFieldText": "Instantaneous value",
      "number": 20,
      "storageNo": 0,
      "tariff": 0,
      "type": "VIF_MANUFACTURER_SPECIFIC",
      "unit": "month",
      "value": 83,
    },
    {
      "description": "Product code",
      "devUnit": 0,
      "functionField": 0,
      "functionFieldText": "Instantaneous value",
      "number": 21,
      "storageNo": 0,
      "tariff": 0,
      "type": "VIF_MANUFACTURER_SPECIFIC",
      "unit": "",
      "value": 62,
    },
    {
      "description": "Removal occurred",
      "devUnit": 0,
      "functionField": 0,
      "functionFieldText": "Instantaneous value",
      "number": 22,
      "storageNo": 0,
      "tariff": 0,
      "type": "VIF_MANUFACTURER_SPECIFIC",
      "unit": "",
      "value": 1,
    },
    {
      "description": "Product installed",
      "devUnit": 0,
      "functionField": 0,
      "functionFieldText": "Instantaneous value",
      "number": 23,
      "storageNo": 0,
      "tariff": 0,
      "type": "VIF_MANUFACTURER_SPECIFIC",
      "unit": "",
      "value": 1,
    },
    {
      "description": "Perimeter intrusion occurred",
      "devUnit": 0,
      "functionField": 0,
      "functionFieldText": "Instantaneous value",
      "number": 24,
      "storageNo": 0,
      "tariff": 0,
      "type": "VIF_MANUFACTURER_SPECIFIC",
      "unit": "",
      "value": 1,
    },
    {
      "description": "Smoke inlet blocking occurred",
      "devUnit": 0,
      "functionField": 0,
      "functionFieldText": "Instantaneous value",
      "number": 25,
      "storageNo": 0,
      "tariff": 0,
      "type": "VIF_MANUFACTURER_SPECIFIC",
      "unit": "",
      "value": 0,
    },
    {
      "description": "Out of temperature range occurred",
      "devUnit": 0,
      "functionField": 0,
      "functionFieldText": "Instantaneous value",
      "number": 26,
      "storageNo": 0,
      "tariff": 0,
      "type": "VIF_MANUFACTURER_SPECIFIC",
      "unit": "",
      "value": 0,
    },
    {
      "description": "Network mode",
      "devUnit": 0,
      "functionField": 0,
      "functionFieldText": "Instantaneous value",
      "number": 27,
      "storageNo": 0,
      "tariff": 0,
      "type": "VIF_MANUFACTURER_SPECIFIC",
      "unit": "",
      "value": "Walk-by",
    },
    {
      "description": "Fixed date billing",
      "devUnit": 0,
      "functionField": 0,
      "functionFieldText": "Instantaneous value",
      "number": 28,
      "storageNo": 0,
      "tariff": 0,
      "type": "VIF_MANUFACTURER_SPECIFIC",
      "unit": "",
      "value": 12,
    },
  ],
  "deviceInformation": {
    "AccessNumber": 33,
    "Address": "972678563412001a",
    "Id": "12345678",
    "Manufacturer": "ITW",
    "Medium": "Smokedetector",
    "Status": 19,
    "StatusString": "",
    "Version": 0,
  },
}
`;
