// Vitest Snapshot v1, https://vitest.dev/guide/snapshot.html

exports[`Parser > All fields 1`] = `
{
  "applicationLayer": {
    "accessNo": 117,
    "ci": 122,
    "config": {
      "content": 0,
      "encryptedBlocks": 2,
      "kdfSel": 1,
      "keyid": 0,
      "mode": 7,
    },
    "offset": 30,
    "status": "No error",
    "statusCode": 0,
  },
  "authenticationAndFragmentationLayer": {
    "afll": 15,
    "ci": 144,
    "fcl": {
      "fid": 0,
      "kip": false,
      "macp": true,
      "mclp": true,
      "mcrp": true,
      "mf": false,
      "mlp": false,
    },
    "fclRaw": 11264,
    "ki": undefined,
    "kiRaw": undefined,
    "mac": {
      "data": [
        33,
        146,
        77,
        79,
        47,
        182,
        110,
        1,
      ],
      "type": "Buffer",
    },
    "mcl": {
      "at": 5,
      "kimp": false,
      "mcmp": true,
      "mlmp": false,
    },
    "mclRaw": 37,
    "mcr": 2739,
    "ml": undefined,
  },
  "data": [
    {
      "description": "Volume",
      "info": {
        "deviceUnit": 0,
        "legacyVif": "VIF_VOLUME",
        "storageNo": 0,
        "tariff": 0,
      },
      "type": 0,
      "unit": "m³",
      "value": 28504.27,
    },
    {
      "description": "Time point",
      "info": {
        "deviceUnit": 0,
        "legacyVif": "VIF_TIME_POINT_DATE_TIME",
        "storageNo": 0,
        "tariff": 0,
      },
      "type": 4,
      "unit": "",
      "value": 2008-05-31T23:50:00.000Z,
    },
    {
      "description": "Error flags (binary)",
      "info": {
        "deviceUnit": 0,
        "legacyVif": "VIF_ERROR_FLAGS",
        "storageNo": 0,
        "tariff": 0,
      },
      "type": 0,
      "unit": "",
      "value": 0,
    },
  ],
  "dataRecords": [
    {
      "header": {
        "dib": {
          "dataField": 12,
          "deviceUnit": 0,
          "functionField": 0,
          "storageNo": 0,
          "tariff": 0,
        },
        "length": 2,
        "offset": 38,
        "vib": {
          "extensions": [],
          "primary": {
            "extensionBitSet": false,
            "table": 0,
            "vif": 20,
          },
        },
      },
      "value": 2850427,
    },
    {
      "header": {
        "dib": {
          "dataField": 4,
          "deviceUnit": 0,
          "functionField": 0,
          "storageNo": 0,
          "tariff": 0,
        },
        "length": 2,
        "offset": 44,
        "vib": {
          "extensions": [],
          "primary": {
            "extensionBitSet": false,
            "table": 0,
            "vif": 109,
          },
        },
      },
      "value": 354367282,
    },
    {
      "header": {
        "dib": {
          "dataField": 2,
          "deviceUnit": 0,
          "functionField": 0,
          "storageNo": 0,
          "tariff": 0,
        },
        "length": 3,
        "offset": 50,
        "vib": {
          "extensions": [],
          "primary": {
            "extensionBitSet": false,
            "table": 1,
            "vif": 23,
          },
        },
      },
      "value": 0,
    },
  ],
  "extendedLinkLayer": {
    "accessNumber": 117,
    "ci": 140,
    "communicationControl": 32,
  },
  "linkLayer": {
    "aField": 305419896,
    "aFieldRaw": {
      "data": [
        120,
        86,
        52,
        18,
        51,
        3,
      ],
      "type": "Buffer",
    },
    "addressRaw": {
      "data": [
        147,
        21,
        120,
        86,
        52,
        18,
        51,
        3,
      ],
      "type": "Buffer",
    },
    "cField": 68,
    "lField": 67,
    "mField": 5523,
    "manufacturer": "ELS",
    "meterId": "12345678",
    "type": 3,
    "typeString": "Gas",
    "version": 51,
  },
  "meter": {
    "accessNo": 117,
    "deviceType": "Gas",
    "id": "12345678",
    "manufacturer": "ELS",
    "status": "No error",
    "type": 3,
    "version": 51,
  },
  "rawData": {
    "data": [
      67,
      68,
      147,
      21,
      120,
      86,
      52,
      18,
      51,
      3,
      140,
      32,
      117,
      144,
      15,
      0,
      44,
      37,
      179,
      10,
      0,
      0,
      33,
      146,
      77,
      79,
      47,
      182,
      110,
      1,
      122,
      117,
      0,
      32,
      7,
      16,
      47,
      47,
      12,
      20,
      39,
      4,
      133,
      2,
      4,
      109,
      50,
      55,
      31,
      21,
      2,
      253,
      23,
      0,
      0,
      47,
      47,
      47,
      47,
      47,
      47,
      47,
      47,
      47,
      47,
      47,
      47,
      47,
    ],
    "type": "Buffer",
  },
}
`;

exports[`Parser > Full result 1`] = `
{
  "applicationLayer": {
    "accessNo": 130,
    "ci": 122,
    "config": {
      "accessability": false,
      "bidirectional": false,
      "content": 0,
      "encryptedBlocks": 0,
      "hopCounter": 0,
      "mode": 0,
      "synchronous": true,
    },
    "offset": 10,
    "status": "No error (temporary)",
    "statusCode": 16,
  },
  "authenticationAndFragmentationLayer": undefined,
  "data": [
    {
      "description": "Energy",
      "info": {
        "deviceUnit": 0,
        "legacyVif": "VIF_ENERGY_WATT",
        "storageNo": 0,
        "tariff": 0,
      },
      "type": 0,
      "unit": "Wh",
      "value": 0,
    },
    {
      "description": "Volume",
      "info": {
        "deviceUnit": 0,
        "legacyVif": "VIF_VOLUME",
        "storageNo": 0,
        "tariff": 0,
      },
      "type": 0,
      "unit": "m³",
      "value": 0,
    },
    {
      "description": "On Time",
      "info": {
        "deviceUnit": 0,
        "legacyVif": "VIF_ON_TIME",
        "storageNo": 0,
        "tariff": 0,
      },
      "type": 0,
      "unit": "h",
      "value": 14122,
    },
    {
      "description": "Flow Temperature",
      "info": {
        "deviceUnit": 0,
        "legacyVif": "VIF_FLOW_TEMP",
        "storageNo": 0,
        "tariff": 0,
      },
      "type": 0,
      "unit": "°C",
      "value": 24.1,
    },
    {
      "description": "Return Temperature",
      "info": {
        "deviceUnit": 0,
        "legacyVif": "VIF_RETURN_TEMP",
        "storageNo": 0,
        "tariff": 0,
      },
      "type": 0,
      "unit": "°C",
      "value": -4,
    },
  ],
  "dataRecords": [
    {
      "header": {
        "dib": {
          "dataField": 12,
          "deviceUnit": 0,
          "functionField": 0,
          "storageNo": 0,
          "tariff": 0,
        },
        "length": 2,
        "offset": 17,
        "vib": {
          "extensions": [],
          "primary": {
            "extensionBitSet": false,
            "table": 0,
            "vif": 6,
          },
        },
      },
      "value": 0,
    },
    {
      "header": {
        "dib": {
          "dataField": 12,
          "deviceUnit": 0,
          "functionField": 0,
          "storageNo": 0,
          "tariff": 0,
        },
        "length": 2,
        "offset": 23,
        "vib": {
          "extensions": [],
          "primary": {
            "extensionBitSet": false,
            "table": 0,
            "vif": 20,
          },
        },
      },
      "value": 0,
    },
    {
      "header": {
        "dib": {
          "dataField": 12,
          "deviceUnit": 0,
          "functionField": 0,
          "storageNo": 0,
          "tariff": 0,
        },
        "length": 2,
        "offset": 29,
        "vib": {
          "extensions": [],
          "primary": {
            "extensionBitSet": false,
            "table": 0,
            "vif": 34,
          },
        },
      },
      "value": 14122,
    },
    {
      "header": {
        "dib": {
          "dataField": 11,
          "deviceUnit": 0,
          "functionField": 0,
          "storageNo": 0,
          "tariff": 0,
        },
        "length": 2,
        "offset": 35,
        "vib": {
          "extensions": [],
          "primary": {
            "extensionBitSet": false,
            "table": 0,
            "vif": 90,
          },
        },
      },
      "value": 241,
    },
    {
      "header": {
        "dib": {
          "dataField": 11,
          "deviceUnit": 0,
          "functionField": 0,
          "storageNo": 0,
          "tariff": 0,
        },
        "length": 2,
        "offset": 40,
        "vib": {
          "extensions": [],
          "primary": {
            "extensionBitSet": false,
            "table": 0,
            "vif": 94,
          },
        },
      },
      "value": -40,
    },
  ],
  "extendedLinkLayer": undefined,
  "linkLayer": {
    "aField": 1738085126,
    "aFieldRaw": {
      "data": [
        6,
        19,
        153,
        103,
        7,
        4,
      ],
      "type": "Buffer",
    },
    "addressRaw": {
      "data": [
        167,
        50,
        6,
        19,
        153,
        103,
        7,
        4,
      ],
      "type": "Buffer",
    },
    "cField": 68,
    "lField": 44,
    "mField": 12967,
    "manufacturer": "LUG",
    "meterId": "67991306",
    "type": 4,
    "typeString": "Heat",
    "version": 7,
  },
  "meter": {
    "accessNo": 130,
    "deviceType": "Heat",
    "id": "67991306",
    "manufacturer": "LUG",
    "status": "No error (temporary)",
    "type": 4,
    "version": 7,
  },
  "rawData": {
    "data": [
      44,
      68,
      167,
      50,
      6,
      19,
      153,
      103,
      7,
      4,
      122,
      130,
      16,
      0,
      32,
      47,
      47,
      12,
      6,
      0,
      0,
      0,
      0,
      12,
      20,
      0,
      0,
      0,
      0,
      12,
      34,
      34,
      65,
      1,
      0,
      11,
      90,
      65,
      2,
      0,
      11,
      94,
      64,
      0,
      240,
    ],
    "type": "Buffer",
  },
}
`;
