// Vitest Snapshot v1, https://vitest.dev/guide/snapshot.html

exports[`VIF tables > Default table 1`] = `
[
  "0x00 VIF_ENERGY_WATT | Energy | Wh | applyNumberDefault | x0.001",
  "0x01 VIF_ENERGY_WATT | Energy | Wh | applyNumberDefault | x0.01",
  "0x02 VIF_ENERGY_WATT | Energy | Wh | applyNumberDefault | x0.1",
  "0x03 VIF_ENERGY_WATT | Energy | Wh | applyNumberDefault | x1",
  "0x04 VIF_ENERGY_WATT | Energy | Wh | applyNumberDefault | x10",
  "0x05 VIF_ENERGY_WATT | Energy | Wh | applyNumberDefault | x100",
  "0x06 VIF_ENERGY_WATT | Energy | Wh | applyNumberDefault | x1000",
  "0x07 VIF_ENERGY_WATT | Energy | Wh | applyNumberDefault | x10000",
  "0x08 VIF_ENERGY_JOULE | Energy | J | applyNumberDefault | x1",
  "0x09 VIF_ENERGY_JOULE | Energy | J | applyNumberDefault | x10",
  "0x0a VIF_ENERGY_JOULE | Energy | J | applyNumberDefault | x100",
  "0x0b VIF_ENERGY_JOULE | Energy | J | applyNumberDefault | x1000",
  "0x0c VIF_ENERGY_JOULE | Energy | J | applyNumberDefault | x10000",
  "0x0d VIF_ENERGY_JOULE | Energy | J | applyNumberDefault | x100000",
  "0x0e VIF_ENERGY_JOULE | Energy | J | applyNumberDefault | x1000000",
  "0x0f VIF_ENERGY_JOULE | Energy | J | applyNumberDefault | x10000000",
  "0x10 VIF_VOLUME | Volume | m³ | applyNumberDefault | x0.000001",
  "0x11 VIF_VOLUME | Volume | m³ | applyNumberDefault | x0.00001",
  "0x12 VIF_VOLUME | Volume | m³ | applyNumberDefault | x0.0001",
  "0x13 VIF_VOLUME | Volume | m³ | applyNumberDefault | x0.001",
  "0x14 VIF_VOLUME | Volume | m³ | applyNumberDefault | x0.01",
  "0x15 VIF_VOLUME | Volume | m³ | applyNumberDefault | x0.1",
  "0x16 VIF_VOLUME | Volume | m³ | applyNumberDefault | x1",
  "0x17 VIF_VOLUME | Volume | m³ | applyNumberDefault | x10",
  "0x18 VIF_MASS | Mass | kg | applyNumberDefault | x0.001",
  "0x19 VIF_MASS | Mass | kg | applyNumberDefault | x0.01",
  "0x1a VIF_MASS | Mass | kg | applyNumberDefault | x0.1",
  "0x1b VIF_MASS | Mass | kg | applyNumberDefault | x1",
  "0x1c VIF_MASS | Mass | kg | applyNumberDefault | x10",
  "0x1d VIF_MASS | Mass | kg | applyNumberDefault | x100",
  "0x1e VIF_MASS | Mass | kg | applyNumberDefault | x1000",
  "0x1f VIF_MASS | Mass | kg | applyNumberDefault | x10000",
  "0x20 VIF_ON_TIME | On Time | s | applyNumberDefault | x1",
  "0x21 VIF_ON_TIME | On Time | min | applyNumberDefault | x1",
  "0x22 VIF_ON_TIME | On Time | h | applyNumberDefault | x1",
  "0x23 VIF_ON_TIME | On Time | d | applyNumberDefault | x1",
  "0x24 VIF_OP_TIME | Operating Time | s | applyNumberDefault | x1",
  "0x25 VIF_OP_TIME | Operating Time | min | applyNumberDefault | x1",
  "0x26 VIF_OP_TIME | Operating Time | h | applyNumberDefault | x1",
  "0x27 VIF_OP_TIME | Operating Time | d | applyNumberDefault | x1",
  "0x28 VIF_ELECTRIC_POWER | Power | W | applyNumberDefault | x0.001",
  "0x29 VIF_ELECTRIC_POWER | Power | W | applyNumberDefault | x0.01",
  "0x2a VIF_ELECTRIC_POWER | Power | W | applyNumberDefault | x0.1",
  "0x2b VIF_ELECTRIC_POWER | Power | W | applyNumberDefault | x1",
  "0x2c VIF_ELECTRIC_POWER | Power | W | applyNumberDefault | x10",
  "0x2d VIF_ELECTRIC_POWER | Power | W | applyNumberDefault | x100",
  "0x2e VIF_ELECTRIC_POWER | Power | W | applyNumberDefault | x1000",
  "0x2f VIF_ELECTRIC_POWER | Power | W | applyNumberDefault | x10000",
  "0x30 VIF_THERMAL_POWER | Power | J/h | applyNumberDefault | x1",
  "0x31 VIF_THERMAL_POWER | Power | J/h | applyNumberDefault | x10",
  "0x32 VIF_THERMAL_POWER | Power | J/h | applyNumberDefault | x100",
  "0x33 VIF_THERMAL_POWER | Power | J/h | applyNumberDefault | x1000",
  "0x34 VIF_THERMAL_POWER | Power | J/h | applyNumberDefault | x10000",
  "0x35 VIF_THERMAL_POWER | Power | J/h | applyNumberDefault | x100000",
  "0x36 VIF_THERMAL_POWER | Power | J/h | applyNumberDefault | x1000000",
  "0x37 VIF_THERMAL_POWER | Power | J/h | applyNumberDefault | x10000000",
  "0x38 VIF_VOLUME_FLOW | Volume Flow | m³/h | applyNumberDefault | x0.000001",
  "0x39 VIF_VOLUME_FLOW | Volume Flow | m³/h | applyNumberDefault | x0.00001",
  "0x3a VIF_VOLUME_FLOW | Volume Flow | m³/h | applyNumberDefault | x0.0001",
  "0x3b VIF_VOLUME_FLOW | Volume Flow | m³/h | applyNumberDefault | x0.001",
  "0x3c VIF_VOLUME_FLOW | Volume Flow | m³/h | applyNumberDefault | x0.01",
  "0x3d VIF_VOLUME_FLOW | Volume Flow | m³/h | applyNumberDefault | x0.1",
  "0x3e VIF_VOLUME_FLOW | Volume Flow | m³/h | applyNumberDefault | x1",
  "0x3f VIF_VOLUME_FLOW | Volume Flow | m³/h | applyNumberDefault | x10",
  "0x40 VIF_VOLUME_FLOW_EXT1 | Volume Flow ext. | m³/min | applyNumberDefault | x1e-7",
  "0x41 VIF_VOLUME_FLOW_EXT1 | Volume Flow ext. | m³/min | applyNumberDefault | x0.000001",
  "0x42 VIF_VOLUME_FLOW_EXT1 | Volume Flow ext. | m³/min | applyNumberDefault | x0.00001",
  "0x43 VIF_VOLUME_FLOW_EXT1 | Volume Flow ext. | m³/min | applyNumberDefault | x0.0001",
  "0x44 VIF_VOLUME_FLOW_EXT1 | Volume Flow ext. | m³/min | applyNumberDefault | x0.001",
  "0x45 VIF_VOLUME_FLOW_EXT1 | Volume Flow ext. | m³/min | applyNumberDefault | x0.01",
  "0x46 VIF_VOLUME_FLOW_EXT1 | Volume Flow ext. | m³/min | applyNumberDefault | x0.1",
  "0x47 VIF_VOLUME_FLOW_EXT1 | Volume Flow ext. | m³/min | applyNumberDefault | x1",
  "0x48 VIF_VOLUME_FLOW_EXT2 | Volume Flow ext. | m³/s | applyNumberDefault | x1e-9",
  "0x49 VIF_VOLUME_FLOW_EXT2 | Volume Flow ext. | m³/s | applyNumberDefault | x1e-8",
  "0x4a VIF_VOLUME_FLOW_EXT2 | Volume Flow ext. | m³/s | applyNumberDefault | x1e-7",
  "0x4b VIF_VOLUME_FLOW_EXT2 | Volume Flow ext. | m³/s | applyNumberDefault | x0.000001",
  "0x4c VIF_VOLUME_FLOW_EXT2 | Volume Flow ext. | m³/s | applyNumberDefault | x0.00001",
  "0x4d VIF_VOLUME_FLOW_EXT2 | Volume Flow ext. | m³/s | applyNumberDefault | x0.0001",
  "0x4e VIF_VOLUME_FLOW_EXT2 | Volume Flow ext. | m³/s | applyNumberDefault | x0.001",
  "0x4f VIF_VOLUME_FLOW_EXT2 | Volume Flow ext. | m³/s | applyNumberDefault | x0.01",
  "0x50 VIF_MASS_FLOW | Mass Flow | kg/h | applyNumberDefault | x0.001",
  "0x51 VIF_MASS_FLOW | Mass Flow | kg/h | applyNumberDefault | x0.01",
  "0x52 VIF_MASS_FLOW | Mass Flow | kg/h | applyNumberDefault | x0.1",
  "0x53 VIF_MASS_FLOW | Mass Flow | kg/h | applyNumberDefault | x1",
  "0x54 VIF_MASS_FLOW | Mass Flow | kg/h | applyNumberDefault | x10",
  "0x55 VIF_MASS_FLOW | Mass Flow | kg/h | applyNumberDefault | x100",
  "0x56 VIF_MASS_FLOW | Mass Flow | kg/h | applyNumberDefault | x1000",
  "0x57 VIF_MASS_FLOW | Mass Flow | kg/h | applyNumberDefault | x10000",
  "0x58 VIF_FLOW_TEMP | Flow Temperature | °C | applyNumberDefault | x0.001",
  "0x59 VIF_FLOW_TEMP | Flow Temperature | °C | applyNumberDefault | x0.01",
  "0x5a VIF_FLOW_TEMP | Flow Temperature | °C | applyNumberDefault | x0.1",
  "0x5b VIF_FLOW_TEMP | Flow Temperature | °C | applyNumberDefault | x1",
  "0x5c VIF_RETURN_TEMP | Return Temperature | °C | applyNumberDefault | x0.001",
  "0x5d VIF_RETURN_TEMP | Return Temperature | °C | applyNumberDefault | x0.01",
  "0x5e VIF_RETURN_TEMP | Return Temperature | °C | applyNumberDefault | x0.1",
  "0x5f VIF_RETURN_TEMP | Return Temperature | °C | applyNumberDefault | x1",
  "0x60 VIF_TEMP_DIFF | Temperature Difference | K | applyNumberDefault | x0.001",
  "0x61 VIF_TEMP_DIFF | Temperature Difference | K | applyNumberDefault | x0.01",
  "0x62 VIF_TEMP_DIFF | Temperature Difference | K | applyNumberDefault | x0.1",
  "0x63 VIF_TEMP_DIFF | Temperature Difference | K | applyNumberDefault | x1",
  "0x64 VIF_EXTERNAL_TEMP | External Temperature | °C | applyNumberDefault | x0.001",
  "0x65 VIF_EXTERNAL_TEMP | External Temperature | °C | applyNumberDefault | x0.01",
  "0x66 VIF_EXTERNAL_TEMP | External Temperature | °C | applyNumberDefault | x0.1",
  "0x67 VIF_EXTERNAL_TEMP | External Temperature | °C | applyNumberDefault | x1",
  "0x68 VIF_PRESSURE | Pressure | bar | applyNumberDefault | x0.001",
  "0x69 VIF_PRESSURE | Pressure | bar | applyNumberDefault | x0.01",
  "0x6a VIF_PRESSURE | Pressure | bar | applyNumberDefault | x0.1",
  "0x6b VIF_PRESSURE | Pressure | bar | applyNumberDefault | x1",
  "0x6c VIF_TIME_POINT_DATE | Time point |  | applyDateDefault | x1",
  "0x6d VIF_TIME_POINT_DATE_TIME | Time point |  | applyDateTimeDefault | x1",
  "0x6e VIF_HCA | Units for H.C.A. |  | applyNumberDefault | x1",
  "0x70 VIF_AVERAGING_DURATION | Averaging Duration | s | applyNumberDefault | x1",
  "0x71 VIF_AVERAGING_DURATION | Averaging Duration | min | applyNumberDefault | x1",
  "0x72 VIF_AVERAGING_DURATION | Averaging Duration | h | applyNumberDefault | x1",
  "0x73 VIF_AVERAGING_DURATION | Averaging Duration | d | applyNumberDefault | x1",
  "0x74 VIF_ACTUALITY_DURATION | Actuality Duration | s | applyNumberDefault | x1",
  "0x75 VIF_ACTUALITY_DURATION | Actuality Duration | min | applyNumberDefault | x1",
  "0x76 VIF_ACTUALITY_DURATION | Actuality Duration | h | applyNumberDefault | x1",
  "0x77 VIF_ACTUALITY_DURATION | Actuality Duration | d | applyNumberDefault | x1",
  "0x78 VIF_FABRICATION_NO | Fabrication No |  | applyNumberOrStringifyDefault | x1",
  "0x79 VIF_OWNER_NO | Owner No |  | applyNumberOrStringifyDefault | x1",
  "0x7a VIF_BUS_ADDRESS | Bus Address |  | applyNumberOrStringifyDefault | x1",
]
`;

exports[`VIF tables > Extension table 1`] = `
[
  "0x00 VIF_ERROR_NONE | No error | - | noop | -",
  "0x01 VIF_TOO_MANY_DIFE | Too many DIFEs | - | extendDescription | -",
  "0x02 VIF_STORAGE_NUM_NOT_IMPL | Storage number not implemented | - | extendDescription | -",
  "0x03 VIF_UNIT_NUM_NOT_IMPL | Unit number not implemented | - | extendDescription | -",
  "0x04 VIF_TARIFF_NUM_NOT_IMPL | Tariff number not implemented | - | extendDescription | -",
  "0x05 VIF_FUNCTION_NOT_IMPL | Function not implemented | - | extendDescription | -",
  "0x06 VIF_DATA_CLASS_NOT_IMPL | Data class not implemented | - | extendDescription | -",
  "0x07 VIF_DATA_SIZENOT_IMPL | Data size not implemented | - | extendDescription | -",
  "0x0b VIF_TOO_MANY_VIFE | Too many VIFEs | - | extendDescription | -",
  "0x0c VIF_ILLEGAL_VIF_GROUP | Illegal VIF-Group | - | extendDescription | -",
  "0x0d VIF_ILLEGAL_VIF_EXP | Illegal VIF-Exponent | - | extendDescription | -",
  "0x0e VIF_VIF_DIF_MISMATCH | VIF/DIF mismatch | - | extendDescription | -",
  "0x0f VIF_ACTION_NOT_IMPL | Unimplemented action | - | extendDescription | -",
  "0x15 VIF_NO_DATA | No data available (undefined value) | - | extendDescription | -",
  "0x16 VIF_DATA_OVERFLOW | undefined | - | extendDescription | -",
  "0x17 VIF_DATA_UNDERFLOW | Data underflow | - | extendDescription | -",
  "0x18 VIF_DATA_ERROR | Data error | - | extendDescription | -",
  "0x1c VIF_PREMATURE_END | Premature end of record | - | extendDescription | -",
  "0x1d VIF_STANDARD_CONFORM | Standard conform | - | extendDescription | -",
  "0x20 VIF_PER_SECOND | - | / s | extendUnit | -",
  "0x21 VIF_PER_MINUTE | - | / min | extendUnit | -",
  "0x22 VIF_PER_HOUR | - | / h | extendUnit | -",
  "0x23 VIF_PER_DAY | - | / d | extendUnit | -",
  "0x24 VIF_PER_WEEK | - | / week | extendUnit | -",
  "0x25 VIF_PER_MONTH | - | / month | extendUnit | -",
  "0x26 VIF_PER_YEAR | - | / year | extendUnit | -",
  "0x27 VIF_PER_REVOLUTION | - | / revolution/measurement | extendUnit | -",
  "0x28 VIF_PER_INCREMENT_INPUT_0 | - | increment per pulse on input channnel 0 | extendUnit | -",
  "0x29 VIF_PER_INCREMENT_INPUT_1 | - | increment per pulse on input channnel 1 | extendUnit | -",
  "0x2a VIF_PER_INCREMENT_OUTPUT_0 | - | increment per pulse on output channnel 0 | extendUnit | -",
  "0x2b VIF_PER_INCREMENT_OUTPUT_1 | - | increment per pulse on output channnel 1 | extendUnit | -",
  "0x2c VIF_PER_LITER | - | / L | extendUnit | -",
  "0x2d VIF_PER_CUBICMETER | - | / m³ | extendUnit | -",
  "0x2e VIF_PER_KILOGRAM | - | / kg | extendUnit | -",
  "0x2f VIF_PER_KELVIN | - | / K | extendUnit | -",
  "0x30 VIF_PER_KWH | - | / kWh | extendUnit | -",
  "0x31 VIF_PER_GIGAJOULE | - | / GJ | extendUnit | -",
  "0x32 VIF_PER_KILOWATT | - | / kW | extendUnit | -",
  "0x33 VIF_PER_KL | - | / (K*L) | extendUnit | -",
  "0x34 VIF_PER_VOLT | - | / V | extendUnit | -",
  "0x35 VIF_PER_AMPERE | - | / A | extendUnit | -",
  "0x36 VIF_TIMES_SEC | - | * s | extendUnit | -",
  "0x37 VIF_TIMES_SEC_V | - | * s / V | extendUnit | -",
  "0x38 VIF_TIMES_SEC_A | - | * s / A | extendUnit | -",
  "0x39 VIF_START_DATE_TIME | start date or time of | - | extendDescriptionReplaceDateOrTime | -",
  "0x3a VIF_UNCORRECTED_UNIT | VIF contains uncorrected unit instead of corrected unit | - | extendDescription | -",
  "0x3b VIF_ACCUMULATION_IF_POSITIVE | Accumulation only if positive contribution | - | extendDescription | -",
  "0x3c VIF_ACCUMULATION_ABS_NEGATIVE | Accumulation of abs value only if negative contributions | - | extendDescription | -",
  "0x40 VIF_LOWER_LIMIT_VALUE | lower limit value | - | extendDescription | -",
  "0x41 VIF_EXCEEDS_LOWER_LIMIT | # of exceeds of lower limit | - | extendDescription | -",
  "0x42 VIF_TIME_BEGIN_FIRST_LOWER | date or time of begin of first lower limit exceed | - | extendDescriptionReplaceDateOrTime | -",
  "0x43 VIF_TIME_END_FIRST_LOWER | date or time of end of first lower limit exceed | - | extendDescriptionReplaceDateOrTime | -",
  "0x46 VIF_TIME_BEGIN_LAST_LOWER | date or time of begin of last lower limit exceed | - | extendDescriptionReplaceDateOrTime | -",
  "0x47 VIF_TIME_END_LAST_LOWER | date or time of end of last lower limit exceed | - | extendDescriptionReplaceDateOrTime | -",
  "0x48 VIF_UPPER_LIMIT_VALUE | upper limit value | - | extendDescription | -",
  "0x49 VIF_EXCEEDS_UPPER_LIMIT | # of exceeds of upper limit | - | extendDescription | -",
  "0x4a VIF_TIME_BEGIN_FIRST_UPPER | date or time of begin of first upper limit exceed | - | extendDescriptionReplaceDateOrTime | -",
  "0x4b VIF_TIME_END_FIRST_UPPER | date or time of end of first upper limit exceed | - | extendDescriptionReplaceDateOrTime | -",
  "0x4e VIF_TIME_BEGIN_LAST_UPPER | date or time of begin of last upper limit exceed | - | extendDescriptionReplaceDateOrTime | -",
  "0x4f VIF_TIME_END_LAST_UPPER | date or time of end of last upper limit exceed | - | extendDescriptionReplaceDateOrTime | -",
  "0x50 VIF_DUR_FIRST_LOWER_EXCEED | Duration of first lower limit exceed: 0 | - | extendDescription | -",
  "0x51 VIF_DUR_FIRST_LOWER_EXCEED | Duration of first lower limit exceed: 1 | - | extendDescription | -",
  "0x52 VIF_DUR_FIRST_LOWER_EXCEED | Duration of first lower limit exceed: 2 | - | extendDescription | -",
  "0x53 VIF_DUR_FIRST_LOWER_EXCEED | Duration of first lower limit exceed: 3 | - | extendDescription | -",
  "0x54 VIF_DUR_LAST_LOWER_EXCEED | Duration of last lower limit exceed: 0 | - | extendDescription | -",
  "0x55 VIF_DUR_LAST_LOWER_EXCEED | Duration of last lower limit exceed: 1 | - | extendDescription | -",
  "0x56 VIF_DUR_LAST_LOWER_EXCEED | Duration of last lower limit exceed: 2 | - | extendDescription | -",
  "0x57 VIF_DUR_LAST_LOWER_EXCEED | Duration of last lower limit exceed: 3 | - | extendDescription | -",
  "0x58 VIF_DUR_FIRST_UPPER_EXCEED | Duration of first upper limit exceed: 0 | - | extendDescription | -",
  "0x59 VIF_DUR_FIRST_UPPER_EXCEED | Duration of first upper limit exceed: 1 | - | extendDescription | -",
  "0x5a VIF_DUR_FIRST_UPPER_EXCEED | Duration of first upper limit exceed: 2 | - | extendDescription | -",
  "0x5b VIF_DUR_FIRST_UPPER_EXCEED | Duration of first upper limit exceed: 3 | - | extendDescription | -",
  "0x5c VIF_DUR_LAST_UPPER_EXCEED | Duration of last upper limit exceed: 0 | - | extendDescription | -",
  "0x5d VIF_DUR_LAST_UPPER_EXCEED | Duration of last upper limit exceed: 1 | - | extendDescription | -",
  "0x5e VIF_DUR_LAST_UPPER_EXCEED | Duration of last upper limit exceed: 2 | - | extendDescription | -",
  "0x5f VIF_DUR_LAST_UPPER_EXCEED | Duration of last upper limit exceed: 3 | - | extendDescription | -",
  "0x60 VIF_DURATION_FIRST | Duration of first: 0 | - | extendDescription | -",
  "0x61 VIF_DURATION_FIRST | Duration of first: 1 | - | extendDescription | -",
  "0x62 VIF_DURATION_FIRST | Duration of first: 2 | - | extendDescription | -",
  "0x63 VIF_DURATION_FIRST | Duration of first: 3 | - | extendDescription | -",
  "0x64 VIF_DURATION_LAST | Duration of last: 0 | - | extendDescription | -",
  "0x65 VIF_DURATION_LAST | Duration of last: 1 | - | extendDescription | -",
  "0x66 VIF_DURATION_LAST | Duration of last: 2 | - | extendDescription | -",
  "0x67 VIF_DURATION_LAST | Duration of last: 3 | - | extendDescription | -",
  "0x6a VIF_TIME_FIRST_BEGIN | date or time of first begin | - | extendDescriptionReplaceDateOrTime | -",
  "0x6b VIF_TIME_FIRST_END | date or time of first end | - | extendDescriptionReplaceDateOrTime | -",
  "0x6e VIF_TIME_LAST_BEGIN | date or time of last begin | - | extendDescriptionReplaceDateOrTime | -",
  "0x6f VIF_TIME_LAST_END | date or time of last end | - | extendDescriptionReplaceDateOrTime | -",
  "0x70 VIF_CORRECTION_MULT | - | - | applyNumberEvaluated | x0.000001",
  "0x71 VIF_CORRECTION_MULT | - | - | applyNumberEvaluated | x0.00001",
  "0x72 VIF_CORRECTION_MULT | - | - | applyNumberEvaluated | x0.0001",
  "0x73 VIF_CORRECTION_MULT | - | - | applyNumberEvaluated | x0.001",
  "0x74 VIF_CORRECTION_MULT | - | - | applyNumberEvaluated | x0.01",
  "0x75 VIF_CORRECTION_MULT | - | - | applyNumberEvaluated | x0.1",
  "0x76 VIF_CORRECTION_MULT | - | - | applyNumberEvaluated | x1",
  "0x77 VIF_CORRECTION_MULT | - | - | applyNumberEvaluated | x10",
  "0x78 VIF_CORRECTION_ADD | - | - | applyNumberEvaluated | x1.001",
  "0x79 VIF_CORRECTION_ADD | - | - | applyNumberEvaluated | x1.01",
  "0x7a VIF_CORRECTION_ADD | - | - | applyNumberEvaluated | x1.1",
  "0x7b VIF_CORRECTION_ADD | - | - | applyNumberEvaluated | x2",
  "0x7d VIF_CORRECTION_MULT1000 | - | - | applyNumberEvaluated | x1000",
  "0x7e VIF_FUTURE_VALUE | future value | - | extendDescription | -",
  "0x7f VIF_MANUFACTURER_SPECIFIC | next VIFEs and data of this block are maufacturer specific | - | extendDescription | -",
]
`;

exports[`VIF tables > FB table 1`] = `
[
  "0x00 VIF_ENERGY_MWH | Energy | MWh | applyNumberDefault | x0.1",
  "0x01 VIF_ENERGY_MWH | Energy | MWh | applyNumberDefault | x1",
  "0x08 VIF_ENERGY_GJ | Energy | GJ | applyNumberDefault | x0.1",
  "0x09 VIF_ENERGY_GJ | Energy | GJ | applyNumberDefault | x1",
  "0x10 VIF_VOLUME_CM | Volume | m³ | applyNumberDefault | x100",
  "0x11 VIF_VOLUME_CM | Volume | m³ | applyNumberDefault | x1000",
  "0x18 VIF_MASS_T | Mass | t | applyNumberDefault | x100",
  "0x19 VIF_MASS_T | Mass | t | applyNumberDefault | x1000",
  "0x21 VIF_VOLUME_CFEET | Volume | ft³ | applyNumberDefault | x0.1",
  "0x22 VIF_VOLUME_GALLON | Volume | gal | applyNumberDefault | x0.1",
  "0x23 VIF_VOLUME_GALLON_L | Volume | gal | applyNumberDefault | x1",
  "0x24 VIF_VOLUME_FLOW_GALLON_L | Volume flow | gal/min | applyNumberDefault | x0.001",
  "0x25 VIF_VOLUME_FLOW_GALLON | Volume flow | gal/min | applyNumberDefault | x1",
  "0x26 VIF_VOLUME_FLOW_GALLON_H | Volume flow | gal/h | applyNumberDefault | x1",
  "0x28 VIF_POWER_MW | Power | MW | applyNumberDefault | x0.1",
  "0x29 VIF_POWER_MW | Power | MW | applyNumberDefault | x1",
  "0x30 VIF_POWER_GJH | Power | GJ/h | applyNumberDefault | x0.1",
  "0x31 VIF_POWER_GJH | Power | GJ/h | applyNumberDefault | x1",
  "0x58 VIF_TEMPERATURE_FLOW_F | Flow Temperature | °F | applyNumberDefault | x0.001",
  "0x59 VIF_TEMPERATURE_FLOW_F | Flow Temperature | °F | applyNumberDefault | x0.01",
  "0x5a VIF_TEMPERATURE_FLOW_F | Flow Temperature | °F | applyNumberDefault | x0.1",
  "0x5b VIF_TEMPERATURE_FLOW_F | Flow Temperature | °F | applyNumberDefault | x1",
  "0x5c VIF_TEMPERATURE_RETURN_F | Return Temperature | °F | applyNumberDefault | x0.001",
  "0x5d VIF_TEMPERATURE_RETURN_F | Return Temperature | °F | applyNumberDefault | x0.01",
  "0x5e VIF_TEMPERATURE_RETURN_F | Return Temperature | °F | applyNumberDefault | x0.1",
  "0x5f VIF_TEMPERATURE_RETURN_F | Return Temperature | °F | applyNumberDefault | x1",
  "0x60 VIF_TEMPERATURE_DIFF_F | Temperature Difference | °F | applyNumberDefault | x0.001",
  "0x61 VIF_TEMPERATURE_DIFF_F | Temperature Difference | °F | applyNumberDefault | x0.01",
  "0x62 VIF_TEMPERATURE_DIFF_F | Temperature Difference | °F | applyNumberDefault | x0.1",
  "0x63 VIF_TEMPERATURE_DIFF_F | Temperature Difference | °F | applyNumberDefault | x1",
  "0x64 VIF_TEMPERATURE_EXT_F | External Temperature | °F | applyNumberDefault | x0.001",
  "0x65 VIF_TEMPERATURE_EXT_F | External Temperature | °F | applyNumberDefault | x0.01",
  "0x66 VIF_TEMPERATURE_EXT_F | External Temperature | °F | applyNumberDefault | x0.1",
  "0x67 VIF_TEMPERATURE_EXT_F | External Temperature | °F | applyNumberDefault | x1",
  "0x70 VIF_COLD_WARM_LIMIT_F | Cold / Warm Temperature Limit | °F | applyNumberDefault | x0.001",
  "0x71 VIF_COLD_WARM_LIMIT_F | Cold / Warm Temperature Limit | °F | applyNumberDefault | x0.01",
  "0x72 VIF_COLD_WARM_LIMIT_F | Cold / Warm Temperature Limit | °F | applyNumberDefault | x0.1",
  "0x73 VIF_COLD_WARM_LIMIT_F | Cold / Warm Temperature Limit | °F | applyNumberDefault | x1",
  "0x74 VIF_COLD_WARM_LIMIT_C | Cold / Warm Temperature Limit | °C | applyNumberDefault | x0.001",
  "0x75 VIF_COLD_WARM_LIMIT_C | Cold / Warm Temperature Limit | °C | applyNumberDefault | x0.01",
  "0x76 VIF_COLD_WARM_LIMIT_C | Cold / Warm Temperature Limit | °C | applyNumberDefault | x0.1",
  "0x77 VIF_COLD_WARM_LIMIT_C | Cold / Warm Temperature Limit | °C | applyNumberDefault | x1",
  "0x78 VIF_CUMUL_COUNT_MAX_POWER | cumul. count max power | W | applyNumberDefault | x0.001",
  "0x79 VIF_CUMUL_COUNT_MAX_POWER | cumul. count max power | W | applyNumberDefault | x0.01",
  "0x7a VIF_CUMUL_COUNT_MAX_POWER | cumul. count max power | W | applyNumberDefault | x0.1",
  "0x7b VIF_CUMUL_COUNT_MAX_POWER | cumul. count max power | W | applyNumberDefault | x1",
  "0x7c VIF_CUMUL_COUNT_MAX_POWER | cumul. count max power | W | applyNumberDefault | x10",
  "0x7d VIF_CUMUL_COUNT_MAX_POWER | cumul. count max power | W | applyNumberDefault | x100",
  "0x7e VIF_CUMUL_COUNT_MAX_POWER | cumul. count max power | W | applyNumberDefault | x1000",
  "0x7f VIF_CUMUL_COUNT_MAX_POWER | cumul. count max power | W | applyNumberDefault | x10000",
]
`;

exports[`VIF tables > FD table 1`] = `
[
  "0x00 VIF_CREDIT | Credit | € | applyNumberDefault | x0.001",
  "0x01 VIF_CREDIT | Credit | € | applyNumberDefault | x0.01",
  "0x02 VIF_CREDIT | Credit | € | applyNumberDefault | x0.1",
  "0x03 VIF_CREDIT | Credit | € | applyNumberDefault | x1",
  "0x04 VIF_DEBIT | Debit | € | applyNumberDefault | x0.001",
  "0x05 VIF_DEBIT | Debit | € | applyNumberDefault | x0.01",
  "0x06 VIF_DEBIT | Debit | € | applyNumberDefault | x0.1",
  "0x07 VIF_DEBIT | Debit | € | applyNumberDefault | x1",
  "0x08 VIF_ACCESS_NO | Access number (transmission count) |  | applyNumberDefault | x1",
  "0x09 VIF_MEDIUM | Device type |  | applyStringifyDefault | x1",
  "0x0a VIF_MANUFACTURER | Manufacturer |  | applyStringifyDefault | x1",
  "0x0b VIF_PARAM_SET_IDENTIFICATION | Parameter set identification |  | applyNumberOrStringifyDefault | x1",
  "0x0c VIF_MODEL_VERSION | Model / Version |  | applyNumberOrStringifyDefault | x1",
  "0x0d VIF_HARDWARE_VERSION | Hardware version # |  | applyNumberOrStringifyDefault | x1",
  "0x0e VIF_FIRMWARE_VERSION | Firmware version # |  | applyNumberOrStringifyDefault | x1",
  "0x0f VIF_SOFTWARE_VERSION | Software version # |  | applyNumberOrStringifyDefault | x1",
  "0x10 VIF_CUSTOMER_LOCATION | Customer location |  | applyNumberOrStringifyDefault | x1",
  "0x11 VIF_CUSTOMER | Customer |  | applyNumberOrStringifyDefault | x1",
  "0x12 VIF_ACCESS_CODE_USER | Access Code User |  | applyNumberOrStringifyDefault | x1",
  "0x13 VIF_ACCESS_CODE_OPERATOR | Access Code Operator |  | applyNumberOrStringifyDefault | x1",
  "0x14 VIF_ACCESS_CODE_SYS_OPERATOR | Access Code Sytem Operator |  | applyNumberOrStringifyDefault | x1",
  "0x15 VIF_ACCESS_CODE_DEVELOPER | Access Code Developer |  | applyNumberOrStringifyDefault | x1",
  "0x16 VIF_PASSWORD | Password |  | applyNumberOrStringifyDefault | x1",
  "0x17 VIF_ERROR_FLAGS | Error flags (binary) |  | applyBufferOrNumberDefault | x1",
  "0x18 VIF_ERROR_MASK | Error mask |  | applyBufferOrNumberDefault | x1",
  "0x1a VIF_DIGITAL_OUTPUT_BINARY | Digital Output (binary) |  | applyBufferOrNumberDefault | x1",
  "0x1b VIF_DIGITAL_INPUT_BINARY | Digital Input (binary)  |  | applyBufferOrNumberDefault | x1",
  "0x1c VIF_BAUDRATE | Baudrate | baud | applyNumberDefault | x1",
  "0x1d VIF_RESPONSE_DELAY_TIME | Response delay time | bittimes | applyNumberDefault | x1",
  "0x1e VIF_RETRY | Retry |  | applyBufferOrNumberDefault | x1",
  "0x20 VIF_FIRST_STORAGE_CYCLIC | First storage # for cyclic storage |  | applyNumberDefault | x1",
  "0x21 VIF_LAST_STORAGE_CYCLIC | Last storage # for cyclic storage |  | applyNumberDefault | x1",
  "0x22 VIF_SIZE_STORAGE_BLOCK | Size of storage block |  | applyNumberDefault | x1",
  "0x24 VIF_SIZE_STORAGE_INTERVAL | Storage interval  | s | applyNumberDefault | x1",
  "0x25 VIF_SIZE_STORAGE_INTERVAL | Storage interval  | min | applyNumberDefault | x1",
  "0x26 VIF_SIZE_STORAGE_INTERVAL | Storage interval  | h | applyNumberDefault | x1",
  "0x27 VIF_SIZE_STORAGE_INTERVAL | Storage interval  | d | applyNumberDefault | x1",
  "0x28 VIF_SIZE_STORAGE_INTERVAL | Storage interval | month | applyNumberDefault | x1",
  "0x29 VIF_SIZE_STORAGE_INTERVAL | Storage interval | year | applyNumberDefault | x1",
  "0x2c VIF_DURATION_SINCE_LAST_READ | Duration since last readout | s | applyNumberDefault | x1",
  "0x2d VIF_DURATION_SINCE_LAST_READ | Duration since last readout | min | applyNumberDefault | x1",
  "0x2e VIF_DURATION_SINCE_LAST_READ | Duration since last readout | h | applyNumberDefault | x1",
  "0x2f VIF_DURATION_SINCE_LAST_READ | Duration since last readout | d | applyNumberDefault | x1",
  "0x30 VIF_TARIFF_START | Start of tariff |  | applyDateOrDateTimeDefault | x1",
  "0x31 VIF_TARIFF_DURATION | Duration of tariff | min | applyNumberDefault | x1",
  "0x32 VIF_TARIFF_DURATION | Duration of tariff | h | applyNumberDefault | x1",
  "0x33 VIF_TARIFF_DURATION | Duration of tariff | d | applyNumberDefault | x1",
  "0x34 VIF_TARIFF_PERIOD | Period of tariff | s | applyNumberDefault | x1",
  "0x35 VIF_TARIFF_PERIOD | Period of tariff | min | applyNumberDefault | x1",
  "0x36 VIF_TARIFF_PERIOD | Period of tariff | h | applyNumberDefault | x1",
  "0x37 VIF_TARIFF_PERIOD | Period of tariff | d | applyNumberDefault | x1",
  "0x38 VIF_TARIFF_PERIOD | Period of tariff | months | applyNumberDefault | x1",
  "0x39 VIF_TARIFF_PERIOD | Period of tariff | years | applyNumberDefault | x1",
  "0x3a VIF_DIMENSIONLESS | Dimensionless |  | applyNumberDefault | x1",
  "0x40 VIF_ELECTRICAL_VOLTAGE | Voltage | V | applyNumberDefault | x1e-9",
  "0x41 VIF_ELECTRICAL_VOLTAGE | Voltage | V | applyNumberDefault | x1e-8",
  "0x42 VIF_ELECTRICAL_VOLTAGE | Voltage | V | applyNumberDefault | x1e-7",
  "0x43 VIF_ELECTRICAL_VOLTAGE | Voltage | V | applyNumberDefault | x0.000001",
  "0x44 VIF_ELECTRICAL_VOLTAGE | Voltage | V | applyNumberDefault | x0.00001",
  "0x45 VIF_ELECTRICAL_VOLTAGE | Voltage | V | applyNumberDefault | x0.0001",
  "0x46 VIF_ELECTRICAL_VOLTAGE | Voltage | V | applyNumberDefault | x0.001",
  "0x47 VIF_ELECTRICAL_VOLTAGE | Voltage | V | applyNumberDefault | x0.01",
  "0x48 VIF_ELECTRICAL_VOLTAGE | Voltage | V | applyNumberDefault | x0.1",
  "0x49 VIF_ELECTRICAL_VOLTAGE | Voltage | V | applyNumberDefault | x1",
  "0x4a VIF_ELECTRICAL_VOLTAGE | Voltage | V | applyNumberDefault | x10",
  "0x4b VIF_ELECTRICAL_VOLTAGE | Voltage | V | applyNumberDefault | x100",
  "0x4c VIF_ELECTRICAL_VOLTAGE | Voltage | V | applyNumberDefault | x1000",
  "0x4d VIF_ELECTRICAL_VOLTAGE | Voltage | V | applyNumberDefault | x10000",
  "0x4e VIF_ELECTRICAL_VOLTAGE | Voltage | V | applyNumberDefault | x100000",
  "0x4f VIF_ELECTRICAL_VOLTAGE | Voltage | V | applyNumberDefault | x1000000",
  "0x50 VIF_ELECTRICAL_CURRENT | Current | A | applyNumberDefault | x1e-12",
  "0x51 VIF_ELECTRICAL_CURRENT | Current | A | applyNumberDefault | x1e-11",
  "0x52 VIF_ELECTRICAL_CURRENT | Current | A | applyNumberDefault | x1e-10",
  "0x53 VIF_ELECTRICAL_CURRENT | Current | A | applyNumberDefault | x1e-9",
  "0x54 VIF_ELECTRICAL_CURRENT | Current | A | applyNumberDefault | x1e-8",
  "0x55 VIF_ELECTRICAL_CURRENT | Current | A | applyNumberDefault | x1e-7",
  "0x56 VIF_ELECTRICAL_CURRENT | Current | A | applyNumberDefault | x0.000001",
  "0x57 VIF_ELECTRICAL_CURRENT | Current | A | applyNumberDefault | x0.00001",
  "0x58 VIF_ELECTRICAL_CURRENT | Current | A | applyNumberDefault | x0.0001",
  "0x59 VIF_ELECTRICAL_CURRENT | Current | A | applyNumberDefault | x0.001",
  "0x5a VIF_ELECTRICAL_CURRENT | Current | A | applyNumberDefault | x0.01",
  "0x5b VIF_ELECTRICAL_CURRENT | Current | A | applyNumberDefault | x0.1",
  "0x5c VIF_ELECTRICAL_CURRENT | Current | A | applyNumberDefault | x1",
  "0x5d VIF_ELECTRICAL_CURRENT | Current | A | applyNumberDefault | x10",
  "0x5e VIF_ELECTRICAL_CURRENT | Current | A | applyNumberDefault | x100",
  "0x5f VIF_ELECTRICAL_CURRENT | Current | A | applyNumberDefault | x1000",
  "0x60 VIF_RESET_COUNTER | Reset counter |  | applyNumberDefault | x1",
  "0x61 VIF_CUMULATION_COUNTER | Cumulation counter |  | applyNumberDefault | x1",
  "0x62 VIF_CONTROL_SIGNAL | Control signal |  | applyStringifyDefault | x1",
  "0x63 VIF_DAY_OF_WEEK | Day of week |  | applyStringifyDefault | x1",
  "0x64 VIF_WEEK_NUMBER | Week number |  | applyStringifyDefault | x1",
  "0x65 VIF_TIME_POINT_DAY_CHANGE | Time point of day change |  | applyDateTimeDefault | x1",
  "0x66 VIF_STATE_OF_PARAM_ACTIVATION | State of parameter activation |  | applyStringifyDefault | x1",
  "0x67 VIF_SPECIAL_SUPPLIER_INFO | Special supplier information |  | applyStringifyDefault | x1",
  "0x68 VIF_DURATION_SINCE_CUMULATION | Duration since last cumulation | s | applyNumberDefault | x1",
  "0x69 VIF_DURATION_SINCE_CUMULATION | Duration since last cumulation | min | applyNumberDefault | x1",
  "0x6a VIF_DURATION_SINCE_CUMULATION | Duration since last cumulation | h | applyNumberDefault | x1",
  "0x6b VIF_DURATION_SINCE_CUMULATION | Duration since last cumulation | d | applyNumberDefault | x1",
  "0x6c VIF_OPERATING_TIME_BATTERY | Operating time battery | s | applyNumberDefault | x1",
  "0x6d VIF_OPERATING_TIME_BATTERY | Operating time battery | min | applyNumberDefault | x1",
  "0x6e VIF_OPERATING_TIME_BATTERY | Operating time battery | h | applyNumberDefault | x1",
  "0x6f VIF_OPERATING_TIME_BATTERY | Operating time battery | d | applyNumberDefault | x1",
  "0x70 VIF_DATETIME_BATTERY_CHANGE | Date and time of battery change |  | applyDateTimeDefault | x1",
  "0x71 VIF_RECEPTION_LEVEL | Reception level | dBm | applyNumberDefault | x1",
]
`;
